// Jest Snapshot v1, https://goo.gl/fbAQLP

exports[`MessageForm renders correctly 1`] = `
ShallowWrapper {
  "length": 1,
  Symbol(enzyme.__root__): [Circular],
  Symbol(enzyme.__unrendered__): <MessageForm />,
  Symbol(enzyme.__renderer__): Object {
    "batchedUpdates": [Function],
    "getNode": [Function],
    "render": [Function],
    "simulateEvent": [Function],
    "unmount": [Function],
  },
  Symbol(enzyme.__node__): Object {
    "instance": null,
    "key": undefined,
    "nodeType": "host",
    "props": Object {
      "children": <form
        className="send-form"
        method="POST"
        onSubmit={[Function]}
>
        <input
                autoComplete="off"
                className="send-form__textInput"
                name="message"
                onChange={[Function]}
                placeholder="Message"
                type="text"
                value=""
        />
        <button
                className="send-form__sendButton"
        >
                Send
        </button>
</form>,
      "className": "block-container",
    },
    "ref": null,
    "rendered": Object {
      "instance": null,
      "key": undefined,
      "nodeType": "host",
      "props": Object {
        "children": Array [
          <input
            autoComplete="off"
            className="send-form__textInput"
            name="message"
            onChange={[Function]}
            placeholder="Message"
            type="text"
            value=""
/>,
          <button
            className="send-form__sendButton"
>
            Send
</button>,
        ],
        "className": "send-form",
        "method": "POST",
        "onSubmit": [Function],
      },
      "ref": null,
      "rendered": Array [
        Object {
          "instance": null,
          "key": undefined,
          "nodeType": "host",
          "props": Object {
            "autoComplete": "off",
            "className": "send-form__textInput",
            "name": "message",
            "onChange": [Function],
            "placeholder": "Message",
            "type": "text",
            "value": "",
          },
          "ref": null,
          "rendered": null,
          "type": "input",
        },
        Object {
          "instance": null,
          "key": undefined,
          "nodeType": "host",
          "props": Object {
            "children": "Send",
            "className": "send-form__sendButton",
          },
          "ref": null,
          "rendered": "Send",
          "type": "button",
        },
      ],
      "type": "form",
    },
    "type": "div",
  },
  Symbol(enzyme.__nodes__): Array [
    Object {
      "instance": null,
      "key": undefined,
      "nodeType": "host",
      "props": Object {
        "children": <form
          className="send-form"
          method="POST"
          onSubmit={[Function]}
>
          <input
                    autoComplete="off"
                    className="send-form__textInput"
                    name="message"
                    onChange={[Function]}
                    placeholder="Message"
                    type="text"
                    value=""
          />
          <button
                    className="send-form__sendButton"
          >
                    Send
          </button>
</form>,
        "className": "block-container",
      },
      "ref": null,
      "rendered": Object {
        "instance": null,
        "key": undefined,
        "nodeType": "host",
        "props": Object {
          "children": Array [
            <input
              autoComplete="off"
              className="send-form__textInput"
              name="message"
              onChange={[Function]}
              placeholder="Message"
              type="text"
              value=""
/>,
            <button
              className="send-form__sendButton"
>
              Send
</button>,
          ],
          "className": "send-form",
          "method": "POST",
          "onSubmit": [Function],
        },
        "ref": null,
        "rendered": Array [
          Object {
            "instance": null,
            "key": undefined,
            "nodeType": "host",
            "props": Object {
              "autoComplete": "off",
              "className": "send-form__textInput",
              "name": "message",
              "onChange": [Function],
              "placeholder": "Message",
              "type": "text",
              "value": "",
            },
            "ref": null,
            "rendered": null,
            "type": "input",
          },
          Object {
            "instance": null,
            "key": undefined,
            "nodeType": "host",
            "props": Object {
              "children": "Send",
              "className": "send-form__sendButton",
            },
            "ref": null,
            "rendered": "Send",
            "type": "button",
          },
        ],
        "type": "form",
      },
      "type": "div",
    },
  ],
  Symbol(enzyme.__options__): Object {
    "adapter": ReactSixteenAdapter {
      "options": Object {
        "enableComponentDidUpdateOnSetState": true,
      },
    },
  },
}
`;
